▲ Next.js 16.2.6 (Turbopack)

  Creating an optimized production build ...
✓ Compiled successfully in 3.6s
  Running TypeScript ...
  Finished TypeScript in 3.1s ...
  Collecting page data using 3 workers ...
  Generating static pages using 3 workers (0/4) ...
  Generating static pages using 3 workers (1/4)
  Generating static pages using 3 workers (2/4)
  Generating static pages using 3 workers (3/4)
✓ Generating static pages using 3 workers (4/4) in 256ms
  Finalizing page optimization ...

Route (app)
┌ ○ /
└ ○ /_not-found


○  (Static)  prerendered as static content
