
  [30;42;1m PASS [39;49;22m[39m Tests\Feature\GpsTest[39m
  [32;1m✓[39;22m[90m [39m[90mcan update vehicle gps location[39m[90m                                     [39m [90m0.31s[39m

  [90mTests:[39m    [32;1m1 passed[39;22m[90m (4 assertions)[39m
  [90mDuration:[39m [39m0.45s[39m
